******************************************************************************
             TMS320C2000 Linker PC v22.6.3                     
******************************************************************************
>> Linked Thu Jun  4 16:02:34 2026

OUTPUT FILE NAME:   <TEST_FLash_Code.out>
ENTRY POINT SYMBOL: "_c_int00"  address: 00080ce1


MEMORY CONFIGURATION

         name            origin    length      used     unused   attr    fill
----------------------  --------  ---------  --------  --------  ----  --------
  RAMM0                 00000128   000002d8  00000000  000002d8  RWIX
  RAMM1                 00000400   000003f8  00000000  000003f8  RWIX
  RAMLS_VAR             00008000   00003000  00000146  00002eba  RWIX
  RAMLS_STK             0000b000   00001000  00000200  00000e00  RWIX
  BEGIN                 00080000   00000002  00000000  00000002  RWIX
  BOOT_FLASH            00080002   00001bfe  00001003  00000bfb  RWIX
  RESET                 003fffc0   00000002  00000000  00000002  RWIX


SECTION ALLOCATION MAP

 output                                  attributes/
section   page    origin      length       input sections
--------  ----  ----------  ----------   ----------------
.reset     0    003fffc0    00000000     DSECT

.data      0    00008134    0000000a     UNINITIALIZED
                  00008134    00000006     rts2800_fpu32_eabi.lib : exit.c.obj (.data)
                  0000813a    00000002                            : _lock.c.obj (.data:_lock)
                  0000813c    00000002                            : _lock.c.obj (.data:_unlock)

.bss       0    0000813e    00000008     UNINITIALIZED
                  0000813e    00000008     flash_ctrl.obj (.bss:s_writeBuf)

.stack     0    0000b000    00000200     UNINITIALIZED
                  0000b000    00000200     --HOLE--

.text      0    00080008    00000d6a     
                  00080008    00000189     FAPI_F280015x_EABI_v2.00.10.lib : Program.obj (.text:Fapi_issueProgrammingCommand)
                  00080191    0000014d                                     : Init.obj (.text:Fapi_initializeAPI)
                  000802de    00000120     device.obj (.text)
                  000803fe    00000119     driverlib.lib : sysctl.obj (.text:SysCtl_setClock)
                  00080517    000000e3     uart_print.obj (.text)
                  000805fa    000000dd     driverlib.lib : sysctl.obj (.text:SysCtl_isPLLValid)
                  000806d7    0000008e     main.obj (.text)
                  00080765    00000088     rts2800_fpu32_eabi.lib : fs_div28.asm.obj (.text)
                  000807ed    0000007b     driverlib.lib : gpio.obj (.text:GPIO_setAnalogMode)
                  00080868    00000072     FAPI_F280015x_EABI_v2.00.10.lib : Read.obj (.text:Fapi_loopRegionForValue)
                  000808da    0000004e                                     : BlankCheck.obj (.text:Fapi_doBlankCheck)
                  00080928    00000045     driverlib.lib : sysctl.obj (.text:SysCtl_selectXTAL)
                  0008096d    0000003f                   : gpio.obj (.text:GPIO_setPadConfig)
                  000809ac    0000003e                   : sysctl.obj (.text:SysCtl_pollX1Counter)
                  000809ea    0000003b     FAPI_F280015x_EABI_v2.00.10.lib : Utilities.obj (.text:Fapi_isAddressValid)
                  00080a25    0000003a                                     : Async.obj (.text:Fapi_issueAsyncCommandWithAddress)
                  00080a5f    00000030     driverlib.lib : gpio.obj (.text:GPIO_setPinConfig)
                  00080a8f    0000002e     rts2800_fpu32_eabi.lib : copy_decompress_lzss.c.obj (.text:decompress:lzss)
                  00080abd    0000002b     driverlib.lib : sysctl.obj (.text:SysCtl_selectOscSource)
                  00080ae8    0000002b     rts2800_fpu32_eabi.lib : autoinit.c.obj (.text:__TI_auto_init_nobinit_nopinit)
                  00080b13    0000002a     FAPI_F280015x_EABI_v2.00.10.lib : Utilities.obj (.text:Write_32bp)
                  00080b3d    00000029     rts2800_fpu32_eabi.lib : exit.c.obj (.text)
                  00080b66    00000026     FAPI_F280015x_EABI_v2.00.10.lib : Utilities.obj (.text:Write_32)
                  00080b8c    00000024                                     : Async.obj (.text:Fapi_issueAsyncCommand)
                  00080bb0    00000023     driverlib.lib : sci.obj (.text:SCI_setConfig)
                  00080bd3    00000022                   : gpio.obj (.text:GPIO_setQualificationMode)
                  00080bf5    00000021     FAPI_F280015x_EABI_v2.00.10.lib : FlashStateMachine.obj (.text:Fapi_setupBankSectorEnable)
                  00080c16    00000021     driverlib.lib : sysctl.obj (.text:SysCtl_selectXTALSingleEnded)
                  00080c37    00000020                   : gpio.obj (.text:GPIO_setDirectionMode)
                  00080c57    0000001d     rts2800_fpu32_eabi.lib : memcpy.c.obj (.text)
                  00080c74    0000001c     FAPI_F280015x_EABI_v2.00.10.lib : FlashStateMachine.obj (.text:Fapi_CheckLinkPointers)
                  00080c90    0000001c     driverlib.lib : sci.obj (.text:SCI_clearInterruptStatus)
                  00080cac    0000001b     flash_ctrl.obj (.text)
                  00080cc7    0000001a     FAPI_F280015x_EABI_v2.00.10.lib : FlashStateMachine.obj (.text:Fapi_isAddressEcc)
                  00080ce1    00000017     rts2800_fpu32_eabi.lib : boot28.asm.obj (.text)
                  00080cf8    00000015     FAPI_F280015x_EABI_v2.00.10.lib : Read.obj (.text:Fapi_flushPipeline)
                  00080d0d    00000011                                     : FlashStateMachine.obj (.text:Fapi_issueFsmCommand)
                  00080d1e    00000010                                     : Utilities.obj (.text:Fapi_regReadback)
                  00080d2e    0000000d                                     : FlashStateMachine.obj (.text:Fapi_checkFsmForReady)
                  00080d3b    0000000d     rts2800_fpu32_eabi.lib : copy_zero_init.c.obj (.text:decompress:ZI:__TI_zero_init_nomemset)
                  00080d48    0000000c                            : args_main.c.obj (.text)
                  00080d54    00000009                            : _lock.c.obj (.text)
                  00080d5d    00000008                            : copy_decompress_none.c.obj (.text:decompress:none)
                  00080d65    00000006     FAPI_F280015x_EABI_v2.00.10.lib : FlashStateMachine.obj (.text:Fapi_setActiveFlashBank)
                  00080d6b    00000004                                     : FlashStateMachine.obj (.text:Fapi_getFsmStatus)
                  00080d6f    00000002     rts2800_fpu32_eabi.lib : pre_init.c.obj (.text)
                  00080d71    00000001                            : startup.c.obj (.text)

.const     0    00080eb0    00000149     
                  00080eb0    000000df     main.obj (.const:.string)
                  00080f8f    00000001     --HOLE-- [fill = 0]
                  00080f90    00000058     flash_ctrl.obj (.const:sectorTable)
                  00080fe8    00000011     uart_print.obj (.const:.string:$P$T0$1)

.cinit     0    00081000    0000001c     
                  00081000    00000009     (.cinit..data.load) [load image, compression = lzss]
                  00081009    00000001     --HOLE-- [fill = 0]
                  0008100a    00000006     (__TI_handler_table)
                  00081010    00000004     (.cinit..bss.load) [load image, compression = zero_init]
                  00081014    00000008     (__TI_cinit_table)

.init_array 
*          0    00080008    00000000     UNINITIALIZED

.TI.ramfunc 
*          0    00080d78    00000134     RUN ADDR = 00008000
                  00080d78    000000dc     flash_ctrl.obj (.TI.ramfunc)
                  00080e54    00000054     driverlib.lib : flash.obj (.TI.ramfunc:Flash_initModule)
                  00080ea8    00000004                   : sysctl.obj (.TI.ramfunc)

MODULE SUMMARY

       Module                       code   ro data   rw data
       ------                       ----   -------   -------
    .\
       flash_ctrl.obj               467    88        8      
       main.obj                     142    223       0      
       device.obj                   288    0         0      
       uart_print.obj               227    17        0      
    +--+----------------------------+------+---------+---------+
       Total:                       1124   328       8      
                                                            
    C:/ti/c2000/C2000Ware_6_00_01_00/driverlib/f280015x/driverlib/ccs/Release/driverlib.lib
       sysctl.obj                   717    0         0      
       gpio.obj                     300    0         0      
       flash.obj                    168    0         0      
       sci.obj                      63     0         0      
    +--+----------------------------+------+---------+---------+
       Total:                       1248   0         0      
                                                            
    C:/ti/c2000/C2000Ware_6_00_01_00/libraries/flash_api/f280015x/lib/FAPI_F280015x_EABI_v2.00.10.lib
       Program.obj                  393    0         0      
       Init.obj                     333    0         0      
       Utilities.obj                155    0         0      
       Read.obj                     135    0         0      
       FlashStateMachine.obj        127    0         0      
       Async.obj                    94     0         0      
       BlankCheck.obj               78     0         0      
    +--+----------------------------+------+---------+---------+
       Total:                       1315   0         0      
                                                            
    C:\ti\ccs1281\ccs\tools\compiler\ti-cgt-c2000_22.6.3.LTS\lib\rts2800_fpu32_eabi.lib
       fs_div28.asm.obj             136    0         0      
       exit.c.obj                   41     0         6      
       copy_decompress_lzss.c.obj   46     0         0      
       autoinit.c.obj               43     0         0      
       memcpy.c.obj                 29     0         0      
       boot28.asm.obj               23     0         0      
       _lock.c.obj                  9      0         4      
       copy_zero_init.c.obj         13     0         0      
       args_main.c.obj              12     0         0      
       copy_decompress_none.c.obj   8      0         0      
       pre_init.c.obj               2      0         0      
       startup.c.obj                1      0         0      
    +--+----------------------------+------+---------+---------+
       Total:                       363    0         10     
                                                            
       Stack:                       0      0         512    
       Linker Generated:            0      27        0      
    +--+----------------------------+------+---------+---------+
       Grand Total:                 4050   355       530    


LINKER GENERATED COPY TABLES

__TI_cinit_table @ 00081014 records: 2, size/record: 4, table size: 8
	.data: load addr=00081000, load size=00000009 bytes, run addr=00008134, run size=0000000a bytes, compression=lzss
	.bss: load addr=00081010, load size=00000004 bytes, run addr=0000813e, run size=00000008 bytes, compression=zero_init


LINKER GENERATED HANDLER TABLE

__TI_handler_table @ 0008100a records: 3, size/record: 2, table size: 6
	index: 0, handler: __TI_zero_init
	index: 1, handler: __TI_decompress_lzss
	index: 2, handler: __TI_decompress_none


GLOBAL DATA SYMBOLS: SORTED BY DATA PAGE

address     data page           name
--------    ----------------    ----
00008134     204 (00008100)     __TI_enable_exit_profile_output
00008136     204 (00008100)     __TI_cleanup_ptr
00008138     204 (00008100)     __TI_dtors_ptr
0000813a     204 (00008100)     _lock
0000813c     204 (00008100)     _unlock

0000b000     2c0 (0000b000)     __stack


GLOBAL SYMBOLS: SORTED ALPHABETICALLY BY Name 

page  address   name                             
----  -------   ----                             
0     00080b3d  C$$EXIT                          
0     00080367  Device_enableAllPeripherals      
0     00080329  Device_init                      
0     000803e7  Device_initGPIO                  
0     00080c74  Fapi_CheckLinkPointers           
0     00080d2e  Fapi_checkFsmForReady            
0     000808da  Fapi_doBlankCheck                
0     00080cf8  Fapi_flushPipeline               
0     00080d6b  Fapi_getFsmStatus                
0     00080191  Fapi_initializeAPI               
0     00080cc7  Fapi_isAddressEcc                
0     000809ea  Fapi_isAddressValid              
0     00080b8c  Fapi_issueAsyncCommand           
0     00080a25  Fapi_issueAsyncCommandWithAddress
0     00080d0d  Fapi_issueFsmCommand             
0     00080008  Fapi_issueProgrammingCommand     
0     00080868  Fapi_loopRegionForValue          
0     00080d1e  Fapi_regReadback                 
0     00080d65  Fapi_setActiveFlashBank          
0     00080bf5  Fapi_setupBankSectorEnable       
0     00080cac  Flash_CtrlInit                   
0     00008028  Flash_EraseRange                 
0     0000808a  Flash_WriteData                  
0     000080dc  Flash_initModule                 
0     000807ed  GPIO_setAnalogMode               
0     00080c37  GPIO_setDirectionMode            
0     0008096d  GPIO_setPadConfig                
0     00080a5f  GPIO_setPinConfig                
0     00080bd3  GPIO_setQualificationMode        
abs   00000134  RamfuncsLoadSize                 
0     00080d78  RamfuncsLoadStart                
0     00008000  RamfuncsRunStart                 
0     00080c90  SCI_clearInterruptStatus         
0     00080bb0  SCI_setConfig                    
0     00008130  SysCtl_delay                     
0     000805fa  SysCtl_isPLLValid                
0     00080abd  SysCtl_selectOscSource           
0     00080928  SysCtl_selectXTAL                
0     00080c16  SysCtl_selectXTALSingleEnded     
0     000803fe  SysCtl_setClock                  
0     00080568  UART_init                        
0     000805c7  UART_printHex                    
0     000805b7  UART_printStr                    
0     00080b66  Write_32                         
0     00080b13  Write_32bp                       
0     00081014  __TI_CINIT_Base                  
0     0008101c  __TI_CINIT_Limit                 
0     0008101c  __TI_CINIT_Warm                  
0     0008100a  __TI_Handler_Table_Base          
0     00081010  __TI_Handler_Table_Limit         
0     0000b200  __TI_STACK_END                   
abs   00000200  __TI_STACK_SIZE                  
0     00080ae8  __TI_auto_init_nobinit_nopinit   
0     00008136  __TI_cleanup_ptr                 
0     00080a8f  __TI_decompress_lzss             
0     00080d5d  __TI_decompress_none             
0     00008138  __TI_dtors_ptr                   
0     00008134  __TI_enable_exit_profile_output  
abs   ffffffff  __TI_pprof_out_hndl              
abs   ffffffff  __TI_prof_data_size              
abs   ffffffff  __TI_prof_data_start             
0     00080d3b  __TI_zero_init_nomemset          
0     00080765  __c28xabi_divf                   
n/a   UNDEFED   __c_args__                       
0     000803f7  __error__                        
0     0000b000  __stack                          
0     00080d48  _args_main                       
0     00080ce1  _c_int00                         
0     0000813a  _lock                            
0     00080d5c  _nop                             
0     00080d58  _register_lock                   
0     00080d54  _register_unlock                 
0     00080d71  _system_post_cinit               
0     00080d6f  _system_pre_init                 
0     0000813c  _unlock                          
0     00080b3d  abort                            
0     00080b3f  exit                             
0     000806d7  main                             
0     00080c57  memcpy                           


GLOBAL SYMBOLS: SORTED BY Symbol Address 

page  address   name                             
----  -------   ----                             
0     00008000  RamfuncsRunStart                 
0     00008028  Flash_EraseRange                 
0     0000808a  Flash_WriteData                  
0     000080dc  Flash_initModule                 
0     00008130  SysCtl_delay                     
0     00008134  __TI_enable_exit_profile_output  
0     00008136  __TI_cleanup_ptr                 
0     00008138  __TI_dtors_ptr                   
0     0000813a  _lock                            
0     0000813c  _unlock                          
0     0000b000  __stack                          
0     0000b200  __TI_STACK_END                   
0     00080008  Fapi_issueProgrammingCommand     
0     00080191  Fapi_initializeAPI               
0     00080329  Device_init                      
0     00080367  Device_enableAllPeripherals      
0     000803e7  Device_initGPIO                  
0     000803f7  __error__                        
0     000803fe  SysCtl_setClock                  
0     00080568  UART_init                        
0     000805b7  UART_printStr                    
0     000805c7  UART_printHex                    
0     000805fa  SysCtl_isPLLValid                
0     000806d7  main                             
0     00080765  __c28xabi_divf                   
0     000807ed  GPIO_setAnalogMode               
0     00080868  Fapi_loopRegionForValue          
0     000808da  Fapi_doBlankCheck                
0     00080928  SysCtl_selectXTAL                
0     0008096d  GPIO_setPadConfig                
0     000809ea  Fapi_isAddressValid              
0     00080a25  Fapi_issueAsyncCommandWithAddress
0     00080a5f  GPIO_setPinConfig                
0     00080a8f  __TI_decompress_lzss             
0     00080abd  SysCtl_selectOscSource           
0     00080ae8  __TI_auto_init_nobinit_nopinit   
0     00080b13  Write_32bp                       
0     00080b3d  C$$EXIT                          
0     00080b3d  abort                            
0     00080b3f  exit                             
0     00080b66  Write_32                         
0     00080b8c  Fapi_issueAsyncCommand           
0     00080bb0  SCI_setConfig                    
0     00080bd3  GPIO_setQualificationMode        
0     00080bf5  Fapi_setupBankSectorEnable       
0     00080c16  SysCtl_selectXTALSingleEnded     
0     00080c37  GPIO_setDirectionMode            
0     00080c57  memcpy                           
0     00080c74  Fapi_CheckLinkPointers           
0     00080c90  SCI_clearInterruptStatus         
0     00080cac  Flash_CtrlInit                   
0     00080cc7  Fapi_isAddressEcc                
0     00080ce1  _c_int00                         
0     00080cf8  Fapi_flushPipeline               
0     00080d0d  Fapi_issueFsmCommand             
0     00080d1e  Fapi_regReadback                 
0     00080d2e  Fapi_checkFsmForReady            
0     00080d3b  __TI_zero_init_nomemset          
0     00080d48  _args_main                       
0     00080d54  _register_unlock                 
0     00080d58  _register_lock                   
0     00080d5c  _nop                             
0     00080d5d  __TI_decompress_none             
0     00080d65  Fapi_setActiveFlashBank          
0     00080d6b  Fapi_getFsmStatus                
0     00080d6f  _system_pre_init                 
0     00080d71  _system_post_cinit               
0     00080d78  RamfuncsLoadStart                
0     0008100a  __TI_Handler_Table_Base          
0     00081010  __TI_Handler_Table_Limit         
0     00081014  __TI_CINIT_Base                  
0     0008101c  __TI_CINIT_Limit                 
0     0008101c  __TI_CINIT_Warm                  
abs   00000134  RamfuncsLoadSize                 
abs   00000200  __TI_STACK_SIZE                  
abs   ffffffff  __TI_pprof_out_hndl              
abs   ffffffff  __TI_prof_data_size              
abs   ffffffff  __TI_prof_data_start             
n/a   UNDEFED   __c_args__                       

[79 symbols]
